person1;22;dwarf@mail.com
person2;54;test@mail.ru
person3;17;fly@hotmail.com
